// Jest Snapshot v1, https://goo.gl/fbAQLP

exports[`AddReminder Should render AddReminder component correctly 1`] = `
<DocumentFragment>
  <div
    class="sc-eDLJxc YCoke"
  >
    <h2
      class="sc-jTQDnj"
    >
      Tuesday, March 7, 2023
    </h2>
    <button
      class="sc-beySbM sc-hLQRIN haKdpM fTsCQI"
    >
      Add reminder
    </button>
  </div>
</DocumentFragment>
`;
